# say_my_name Function
# ====================

"""
The say_my_name function that prints the full name based on given first and last names.

>>> from importlib import import_module

>>> say_my_name = import_module('3-say_my_name').say_my_name

>>> say_my_name("John", "Smith")
My name is John Smith

>>> say_my_name("Walter", "White")
My name is Walter White

>>> say_my_name("Bob")
My name is Bob 

>>> say_my_name(12, "White")
Traceback (most recent call last):
	...
TypeError: first_name must be a string

>>> say_my_name("Ese", 25)
Traceback (most recent call last):
	...
TypeError: last_name must be a string

>>> say_my_name("dev", "Zichy", "Zasha")
Traceback (most recent call last):
	...
TypeError: say_my_name() takes from 1 to 2 positional arguments but 3 were given

"""
